12-27 11:10:38.203     1     1 I init    : type=1400 audit(0.0:3): avc: denied { write } for name="kernel_init_done" dev="sysfs" ino=14665 scontext=u:r:init:s0 tcontext=u:object_r:sysfs:s0 tclass=file permissive=1
12-27 11:10:38.203     1     1 I init    : type=1400 audit(0.0:4): avc: denied { open } for path="/sys/module/musb_hdrc/parameters/kernel_init_done" dev="sysfs" ino=14665 scontext=u:r:init:s0 tcontext=u:object_r:sysfs:s0 tclass=file permissive=1
12-27 11:10:38.496   265   265 I init    : type=1400 audit(0.0:5): avc: denied { entrypoint } for path="/system/bin/logd" dev="rootfs" ino=9051 scontext=u:r:logd:s0 tcontext=u:object_r:rootfs:s0 tclass=file permissive=1
12-27 11:10:38.499   265   265 I logd    : type=1400 audit(0.0:6): avc: denied { map } for path="/system/bin/logd" dev="rootfs" ino=9051 scontext=u:r:logd:s0 tcontext=u:object_r:rootfs:s0 tclass=file permissive=1
12-27 11:10:38.499   265   265 I logd    : type=1400 audit(0.0:7): avc: denied { read } for path="/system/bin/logd" dev="rootfs" ino=9051 scontext=u:r:logd:s0 tcontext=u:object_r:rootfs:s0 tclass=file permissive=1
12-27 11:10:38.499   265   265 I logd    : type=1400 audit(0.0:8): avc: denied { execute } for path="/system/bin/logd" dev="rootfs" ino=9051 scontext=u:r:logd:s0 tcontext=u:object_r:rootfs:s0 tclass=file permissive=1
12-27 11:10:38.499   265   265 I logd    : type=1400 audit(0.0:9): avc: denied { getattr } for path="/system/bin/logd" dev="rootfs" ino=9051 scontext=u:r:logd:s0 tcontext=u:object_r:rootfs:s0 tclass=file permissive=1
12-27 11:10:38.499   265   265 I logd    : type=1400 audit(0.0:10): avc: denied { read } for name="bin" dev="rootfs" ino=8942 scontext=u:r:logd:s0 tcontext=u:object_r:rootfs:s0 tclass=dir permissive=1
12-27 11:10:38.533     1     1 I init    : type=1400 audit(0.0:27): avc: denied { mounton } for path="/dev/usb-ffs/adb" dev="functionfs" ino=1163 scontext=u:r:init:s0 tcontext=u:object_r:functionfs:s0 tclass=dir permissive=1
12-27 11:10:38.536     1     1 I unknown : type=1107 audit(0.0:28): uid=0 auid=4294967295 ses=4294967295 subj=u:r:init:s0 msg='avc: denied { set } for property=hwservicemanager.ready pid=266 uid=0 gid=0 scontext=u:r:recovery:s0 tcontext=u:object_r:hwservicemanager_prop:s0 tclass=property_service permissive=1'
12-27 11:10:38.539   274   274 W init    : type=1400 audit(0.0:29): avc: denied { entrypoint } for path="/system/bin/mtk_plpath_utils" dev="rootfs" ino=9085 scontext=u:r:update_engine:s0 tcontext=u:object_r:rootfs:s0 tclass=file permissive=0
12-27 11:10:38.559     1     1 I init    : type=1400 audit(0.0:30): avc: denied { write } for name="bootprof" dev="proc" ino=4026532268 scontext=u:r:init:s0 tcontext=u:object_r:proc:s0 tclass=file permissive=1
12-27 11:10:38.673   276   276 I recovery: type=1400 audit(0.0:66): avc: denied { search } for name="/" dev="configfs" ino=12615 scontext=u:r:recovery:s0 tcontext=u:object_r:configfs:s0 tclass=dir permissive=1
12-27 11:10:38.673   276   276 I recovery: type=1400 audit(0.0:67): avc: denied { getattr } for path="/config/usb_gadget/g1/functions/mass_storage.usb0/lun.0/file" dev="configfs" ino=13677 scontext=u:r:recovery:s0 tcontext=u:object_r:configfs:s0 tclass=file permissive=1
12-27 11:10:38.676   276   276 I recovery: type=1400 audit(0.0:68): avc: denied { write } for name="brightness" dev="sysfs" ino=34936 scontext=u:r:recovery:s0 tcontext=u:object_r:sysfs:s0 tclass=file permissive=1
12-27 11:10:38.676     1     1 I unknown : type=1107 audit(0.0:69): uid=0 auid=4294967295 ses=4294967295 subj=u:r:init:s0 msg='avc: denied { set } for property=ro.twrp.boot pid=276 uid=0 gid=0 scontext=u:r:recovery:s0 tcontext=u:object_r:default_prop:s0 tclass=property_service permissive=1'
12-27 11:10:39.113   276   276 I recovery: type=1400 audit(0.0:70): avc: denied { execmem } for scontext=u:r:recovery:s0 tcontext=u:r:recovery:s0 tclass=process permissive=1
12-27 11:10:39.113   276   276 I recovery: type=1400 audit(0.0:71): avc: denied { execute } for path="/dev/ashmem6434f250-626b-4d48-8453-55f16ad8f7ea" dev="tmpfs" ino=12935 scontext=u:r:recovery:s0 tcontext=u:object_r:ashmem_libcutils_device:s0 tclass=chr_file permissive=1
12-27 11:10:41.179   317   317 I recovery: type=1400 audit(0.0:376): avc: denied { read write } for name="0" dev="devpts" ino=3 scontext=u:r:recovery:s0 tcontext=u:object_r:devpts:s0 tclass=chr_file permissive=1
12-27 11:10:41.179   317   317 I recovery: type=1400 audit(0.0:378): avc: denied { open } for path="/dev/pts/0" dev="devpts" ino=3 scontext=u:r:recovery:s0 tcontext=u:object_r:devpts:s0 tclass=chr_file permissive=1
12-27 11:10:41.193   317   317 I fsck.f2fs: type=1400 audit(0.0:380): avc: denied { getattr } for path="/dev/pts/0" dev="devpts" ino=3 scontext=u:r:recovery:s0 tcontext=u:object_r:devpts:s0 tclass=chr_file permissive=1
12-27 11:10:41.193   317   317 I fsck.f2fs: type=1400 audit(0.0:381): avc: denied { ioctl } for path="/dev/pts/0" dev="devpts" ino=3 ioctlcmd=0x5401 scontext=u:r:recovery:s0 tcontext=u:object_r:devpts:s0 tclass=chr_file permissive=1
12-27 11:10:41.199     1     1 I unknown : type=1107 audit(0.0:384): uid=0 auid=4294967295 ses=4294967295 subj=u:r:init:s0 msg='avc: denied { set } for property=ro.boottime.init.fsck.data pid=276 uid=0 gid=0 scontext=u:r:recovery:s0 tcontext=u:object_r:boottime_public_prop:s0 tclass=property_service permissive=1'
12-27 11:10:41.269     1     1 I unknown : type=1107 audit(0.0:385): uid=0 auid=4294967295 ses=4294967295 subj=u:r:init:s0 msg='avc: denied { set } for property=ro.crypto.fs_crypto_blkdev pid=276 uid=0 gid=0 scontext=u:r:recovery:s0 tcontext=u:object_r:vold_prop:s0 tclass=property_service permissive=1'
12-27 11:10:42.363   332   332 I vold_prepare_su: type=1400 audit(0.0:429): avc: denied { getattr } for path="/data/misc_de/0/storaged" dev="dm-6" ino=1101 scontext=u:r:recovery:s0 tcontext=u:object_r:storaged_data_file:s0 tclass=dir permissive=1
12-27 11:10:42.363   332   332 I vold_prepare_su: type=1400 audit(0.0:430): avc: denied { getattr } for path="/data/misc_de/0/rollback" dev="dm-6" ino=1102 scontext=u:r:recovery:s0 tcontext=u:object_r:rollback_data_file:s0 tclass=dir permissive=1
12-27 11:10:42.366   332   332 I vold_prepare_su: type=1400 audit(0.0:431): avc: denied { getattr } for path="/data/misc_de/0/apexrollback" dev="dm-6" ino=1103 scontext=u:r:recovery:s0 tcontext=u:object_r:apex_rollback_data_file:s0 tclass=dir permissive=1
12-27 11:10:42.366   332   332 I vold_prepare_su: type=1400 audit(0.0:432): avc: denied { getattr } for path="/data/misc_de/0/apexdata" dev="dm-6" ino=1104 scontext=u:r:recovery:s0 tcontext=u:object_r:apex_module_data_file:s0 tclass=dir permissive=1
12-27 11:10:42.366   332   332 I vold_prepare_su: type=1400 audit(0.0:433): avc: denied { read } for name="/" dev="tmpfs" ino=12798 scontext=u:r:recovery:s0 tcontext=u:object_r:apex_mnt_dir:s0 tclass=dir permissive=1
12-27 11:10:42.366   332   332 I vold_prepare_su: type=1400 audit(0.0:434): avc: denied { open } for path="/apex" dev="tmpfs" ino=12798 scontext=u:r:recovery:s0 tcontext=u:object_r:apex_mnt_dir:s0 tclass=dir permissive=1
12-27 11:10:42.366   332   332 I vold_prepare_su: type=1400 audit(0.0:435): avc: denied { getattr } for path="/data/vendor_de/0/fpdata" dev="dm-6" ino=1126 scontext=u:r:recovery:s0 tcontext=u:object_r:fingerprint_vendor_data_file:s0 tclass=dir permissive=1
12-27 11:10:42.366   332   332 I vold_prepare_su: type=1400 audit(0.0:436): avc: denied { getattr } for path="/data/vendor_de/0/facedata" dev="dm-6" ino=1127 scontext=u:r:recovery:s0 tcontext=u:object_r:face_vendor_data_file:s0 tclass=dir permissive=1
12-27 11:11:02.769     1     1 I unknown : type=1107 audit(0.0:1568): uid=0 auid=4294967295 ses=4294967295 subj=u:r:init:s0 msg='avc: denied { set } for property=selinux.restorecon_recursive pid=276 uid=0 gid=0 scontext=u:r:recovery:s0 tcontext=u:object_r:restorecon_prop:s0 tclass=property_service permissive=1'
12-27 11:11:02.803   371   371 I vold_prepare_su: type=1400 audit(0.0:1569): avc: denied { read } for name="/" dev="tmpfs" ino=12798 scontext=u:r:recovery:s0 tcontext=u:object_r:apex_mnt_dir:s0 tclass=dir permissive=1
12-27 11:11:02.803   371   371 I vold_prepare_su: type=1400 audit(0.0:1570): avc: denied { open } for path="/apex" dev="tmpfs" ino=12798 scontext=u:r:recovery:s0 tcontext=u:object_r:apex_mnt_dir:s0 tclass=dir permissive=1
12-27 11:11:07.576     1     1 I init    : type=1400 audit(0.0:2031): avc: denied { write } for name="saving" dev="sysfs" ino=16508 scontext=u:r:init:s0 tcontext=u:object_r:sysfs:s0 tclass=file permissive=1
12-27 11:11:07.576     1     1 I init    : type=1400 audit(0.0:2032): avc: denied { open } for path="/sys/devices/platform/mt_usb/saving" dev="sysfs" ino=16508 scontext=u:r:init:s0 tcontext=u:object_r:sysfs:s0 tclass=file permissive=1
12-27 11:11:07.853   403   403 I pigz    : type=1400 audit(0.0:2034): avc: denied { ioctl } for path="/data/recovery/log.gz" dev="dm-6" ino=7 ioctlcmd=0x5401 scontext=u:r:recovery:s0 tcontext=u:object_r:system_data_file:s0 tclass=file permissive=1
12-27 11:11:08.343   390   390 I recovery: type=1400 audit(0.0:2048): avc: denied { write } for name="mtp_usb" dev="tmpfs" ino=1177 scontext=u:r:recovery:s0 tcontext=u:object_r:mtp_device:s0 tclass=chr_file permissive=1
12-27 11:11:08.343   390   390 I recovery: type=1400 audit(0.0:2049): avc: denied { open } for path="/dev/mtp_usb" dev="tmpfs" ino=1177 scontext=u:r:recovery:s0 tcontext=u:object_r:mtp_device:s0 tclass=chr_file permissive=1
12-27 11:11:08.343   390   390 I recovery: type=1400 audit(0.0:2050): avc: denied { read } for name="mtp_usb" dev="tmpfs" ino=1177 scontext=u:r:recovery:s0 tcontext=u:object_r:mtp_device:s0 tclass=chr_file permissive=1
12-27 11:11:08.343   390   390 I recovery: type=1400 audit(0.0:2051): avc: denied { getattr } for path="/data/media/0/Music" dev="dm-6" ino=522 scontext=u:r:recovery:s0 tcontext=u:object_r:media_rw_data_file:s0:c196,c256,c512,c768 tclass=dir permissive=1
12-27 11:11:08.343   390   390 I recovery: type=1400 audit(0.0:2052): avc: denied { read } for name="/" dev="mmcblk1p1" ino=1 scontext=u:r:recovery:s0 tcontext=u:object_r:vfat:s0 tclass=dir permissive=1
12-27 11:11:08.343   390   390 I recovery: type=1400 audit(0.0:2053): avc: denied { open } for path="/external_sd" dev="mmcblk1p1" ino=1 scontext=u:r:recovery:s0 tcontext=u:object_r:vfat:s0 tclass=dir permissive=1
12-27 11:11:08.406   390   390 I recovery: type=1400 audit(0.0:2054): avc: denied { getattr } for path="/external_sd/dmesg.txt" dev="mmcblk1p1" ino=1048641 scontext=u:r:recovery:s0 tcontext=u:object_r:vfat:s0 tclass=file permissive=1
12-27 11:11:11.616   276   276 I recovery: type=1400 audit(0.0:2064): avc: denied { open } for path="/sdcard/Download/Nekogram/lineage-20.0-20231226-UNOFFICIAL-KG5j.zip" dev="dm-6" ino=16085 scontext=u:r:recovery:s0 tcontext=u:object_r:media_rw_data_file:s0:c196,c256,c512,c768 tclass=file permissive=1
12-27 11:11:11.616   276   276 I recovery: type=1400 audit(0.0:2065): avc: denied { map } for path="/sdcard/Download/Nekogram/lineage-20.0-20231226-UNOFFICIAL-KG5j.zip" dev="dm-6" ino=16085 scontext=u:r:recovery:s0 tcontext=u:object_r:media_rw_data_file:s0:c196,c256,c512,c768 tclass=file permissive=1
12-27 11:11:11.619   276   276 I recovery: type=1400 audit(0.0:2066): avc: denied { ioctl } for path="/dev/block/dm-5" dev="tmpfs" ino=314 ioctlcmd=0x5331 scontext=u:r:recovery:s0 tcontext=u:object_r:dm_device:s0 tclass=blk_file permissive=1
12-27 11:11:11.629   276   276 I recovery: type=1400 audit(0.0:2067): avc: denied { ioctl } for path="/dev/block/dm-4" dev="tmpfs" ino=311 ioctlcmd=0x5331 scontext=u:r:recovery:s0 tcontext=u:object_r:dm_device:s0 tclass=blk_file permissive=1
12-27 11:11:11.646   276   276 I recovery: type=1400 audit(0.0:2068): avc: denied { mounton } for path="/system/bin/sh" dev="rootfs" ino=9133 scontext=u:r:recovery:s0 tcontext=u:object_r:rootfs:s0 tclass=file permissive=1
12-27 11:11:11.759   418   418 I update_engine_s: type=1400 audit(0.0:2069): avc: denied { search } for name="fscklogs" dev="tmpfs" ino=1124 scontext=u:r:recovery:s0 tcontext=u:object_r:fscklogs:s0 tclass=dir permissive=1
12-27 11:11:11.759   421   421 I update_engine_s: type=1400 audit(0.0:2070): avc: denied { read write } for name="0" dev="devpts" ino=3 scontext=u:r:recovery:s0 tcontext=u:object_r:devpts:s0 tclass=chr_file permissive=1
12-27 11:11:11.759   418   418 I update_engine_s: type=1400 audit(0.0:2072): avc: denied { write } for name="log" dev="tmpfs" ino=13046 scontext=u:r:recovery:s0 tcontext=u:object_r:fscklogs:s0 tclass=file permissive=1
12-27 11:11:11.759   421   421 I update_engine_s: type=1400 audit(0.0:2071): avc: denied { open } for path="/dev/pts/0" dev="devpts" ino=3 scontext=u:r:recovery:s0 tcontext=u:object_r:devpts:s0 tclass=chr_file permissive=1
12-27 11:11:11.759   418   418 I update_engine_s: type=1400 audit(0.0:2073): avc: denied { open } for path="/dev/fscklogs/log" dev="tmpfs" ino=13046 scontext=u:r:recovery:s0 tcontext=u:object_r:fscklogs:s0 tclass=file permissive=1
12-27 11:11:11.779   418   418 I update_engine_s: type=1400 audit(0.0:2074): avc: denied { getattr } for path="/dev/kmsg" dev="tmpfs" ino=13317 scontext=u:r:recovery:s0 tcontext=u:object_r:kmsg_device:s0 tclass=chr_file permissive=1
12-27 11:11:11.779   418   418 I update_engine_s: type=1400 audit(0.0:2075): avc: denied { open } for path="/dev/kmsg" dev="tmpfs" ino=13317 scontext=u:r:recovery:s0 tcontext=u:object_r:kmsg_device:s0 tclass=chr_file permissive=1
12-27 11:11:11.779   418   418 I update_engine_s: type=1400 audit(0.0:2076): avc: denied { getattr } for path="/dev/fscklogs/log" dev="tmpfs" ino=13046 scontext=u:r:recovery:s0 tcontext=u:object_r:fscklogs:s0 tclass=file permissive=1
12-27 11:11:11.786     1     1 I unknown : type=1107 audit(0.0:2077): uid=0 auid=4294967295 ses=4294967295 subj=u:r:init:s0 msg='avc: denied { set } for property=ro.boottime.init.fsck.metadata pid=418 uid=0 gid=0 scontext=u:r:recovery:s0 tcontext=u:object_r:boottime_prop:s0 tclass=property_service permissive=1'
12-27 11:11:11.793   418   418 I update_engine_s: type=1400 audit(0.0:2078): avc: denied { ioctl } for path="/dev/block/mmcblk0p41" dev="tmpfs" ino=130 ioctlcmd=0x1278 scontext=u:r:recovery:s0 tcontext=u:object_r:block_device:s0 tclass=blk_file permissive=1
12-27 11:11:11.793   418   418 I update_engine_s: type=1400 audit(0.0:2079): avc: denied { ioctl } for path="/dev/block/mmcblk0p41" dev="tmpfs" ino=130 ioctlcmd=0x127a scontext=u:r:recovery:s0 tcontext=u:object_r:block_device:s0 tclass=blk_file permissive=1
12-27 11:11:11.876   276   276 I recovery: type=1400 audit(0.0:2080): avc: denied { ioctl } for path="/dev/block/dm-5" dev="tmpfs" ino=314 ioctlcmd=0x5331 scontext=u:r:recovery:s0 tcontext=u:object_r:dm_device:s0 tclass=blk_file permissive=1
12-27 11:11:11.906   276   276 I recovery: type=1400 audit(0.0:2081): avc: denied { ioctl } for path="/dev/block/dm-2" dev="tmpfs" ino=1388 ioctlcmd=0x5331 scontext=u:r:recovery:s0 tcontext=u:object_r:dm_device:s0 tclass=blk_file permissive=1
12-27 11:11:11.936   276   276 I recovery: type=1400 audit(0.0:2082): avc: denied { ioctl } for path="/dev/block/dm-4" dev="tmpfs" ino=311 ioctlcmd=0x5331 scontext=u:r:recovery:s0 tcontext=u:object_r:dm_device:s0 tclass=blk_file permissive=1
12-27 11:11:11.963   276   276 I recovery: type=1400 audit(0.0:2083): avc: denied { ioctl } for path="/dev/block/dm-3" dev="tmpfs" ino=308 ioctlcmd=0x5331 scontext=u:r:recovery:s0 tcontext=u:object_r:dm_device:s0 tclass=blk_file permissive=1
12-27 11:11:11.993   276   276 I recovery: type=1400 audit(0.0:2084): avc: denied { ioctl } for path="/dev/block/dm-5" dev="tmpfs" ino=314 ioctlcmd=0x5331 scontext=u:r:recovery:s0 tcontext=u:object_r:dm_device:s0 tclass=blk_file permissive=1
12-27 11:11:12.023   276   276 I recovery: type=1400 audit(0.0:2085): avc: denied { ioctl } for path="/dev/block/dm-2" dev="tmpfs" ino=1388 ioctlcmd=0x5331 scontext=u:r:recovery:s0 tcontext=u:object_r:dm_device:s0 tclass=blk_file permissive=1
12-27 11:11:12.053   276   276 I recovery: type=1400 audit(0.0:2086): avc: denied { ioctl } for path="/dev/block/dm-4" dev="tmpfs" ino=311 ioctlcmd=0x5331 scontext=u:r:recovery:s0 tcontext=u:object_r:dm_device:s0 tclass=blk_file permissive=1
12-27 11:11:12.079   276   276 I recovery: type=1400 audit(0.0:2087): avc: denied { ioctl } for path="/dev/block/dm-3" dev="tmpfs" ino=308 ioctlcmd=0x5331 scontext=u:r:recovery:s0 tcontext=u:object_r:dm_device:s0 tclass=blk_file permissive=1
12-27 11:11:12.133   276   276 I recovery: type=1400 audit(0.0:2088): avc: denied { read } for name="/" dev="dm-6" ino=3 scontext=u:r:recovery:s0 tcontext=u:object_r:system_data_root_file:s0 tclass=dir permissive=1
12-27 11:11:12.133   276   276 I recovery: type=1400 audit(0.0:2089): avc: denied { open } for path="/data" dev="dm-6" ino=3 scontext=u:r:recovery:s0 tcontext=u:object_r:system_data_root_file:s0 tclass=dir permissive=1
12-27 11:11:12.133   276   276 I recovery: type=1400 audit(0.0:2090): avc: denied { getattr } for path="/data/unencrypted" dev="dm-6" ino=922 scontext=u:r:recovery:s0 tcontext=u:object_r:unencrypted_data_file:s0 tclass=dir permissive=1
12-27 11:11:12.133   276   276 I recovery: type=1400 audit(0.0:2091): avc: denied { getattr } for path="/data/bootchart" dev="dm-6" ino=932 scontext=u:r:recovery:s0 tcontext=u:object_r:bootchart_data_file:s0 tclass=dir permissive=1
12-27 11:11:12.133   276   276 I recovery: type=1400 audit(0.0:2092): avc: denied { read } for name="bootchart" dev="dm-6" ino=932 scontext=u:r:recovery:s0 tcontext=u:object_r:bootchart_data_file:s0 tclass=dir permissive=1
12-27 11:11:12.133   276   276 I recovery: type=1400 audit(0.0:2093): avc: denied { open } for path="/data/bootchart" dev="dm-6" ino=932 scontext=u:r:recovery:s0 tcontext=u:object_r:bootchart_data_file:s0 tclass=dir permissive=1
12-27 11:11:12.133   276   276 I recovery: type=1400 audit(0.0:2094): avc: denied { search } for name="bootchart" dev="dm-6" ino=932 scontext=u:r:recovery:s0 tcontext=u:object_r:bootchart_data_file:s0 tclass=dir permissive=1
12-27 11:11:12.133   276   276 I recovery: type=1400 audit(0.0:2095): avc: denied { getattr } for path="/data/apex" dev="dm-6" ino=933 scontext=u:r:recovery:s0 tcontext=u:object_r:apex_data_file:s0 tclass=dir permissive=1
12-27 11:11:12.133   276   276 I recovery: type=1400 audit(0.0:2096): avc: denied { read } for name="apex" dev="dm-6" ino=933 scontext=u:r:recovery:s0 tcontext=u:object_r:apex_data_file:s0 tclass=dir permissive=1
12-27 11:11:12.133   276   276 I recovery: type=1400 audit(0.0:2097): avc: denied { open } for path="/data/apex" dev="dm-6" ino=933 scontext=u:r:recovery:s0 tcontext=u:object_r:apex_data_file:s0 tclass=dir permissive=1
12-27 11:11:12.133   276   276 I recovery: type=1400 audit(0.0:2098): avc: denied { search } for name="apex" dev="dm-6" ino=933 scontext=u:r:recovery:s0 tcontext=u:object_r:apex_data_file:s0 tclass=dir permissive=1
12-27 11:11:12.133   276   276 I recovery: type=1400 audit(0.0:2099): avc: denied { getattr } for path="/data/app-staging" dev="dm-6" ino=938 scontext=u:r:recovery:s0 tcontext=u:object_r:staging_data_file:s0 tclass=dir permissive=1
12-27 11:11:12.133   276   276 I recovery: type=1400 audit(0.0:2100): avc: denied { read } for name="app-staging" dev="dm-6" ino=938 scontext=u:r:recovery:s0 tcontext=u:object_r:staging_data_file:s0 tclass=dir permissive=1
12-27 11:11:12.133   276   276 I recovery: type=1400 audit(0.0:2101): avc: denied { open } for path="/data/app-staging" dev="dm-6" ino=938 scontext=u:r:recovery:s0 tcontext=u:object_r:staging_data_file:s0 tclass=dir permissive=1
12-27 11:11:12.133   276   276 I recovery: type=1400 audit(0.0:2102): avc: denied { search } for name="app-staging" dev="dm-6" ino=938 scontext=u:r:recovery:s0 tcontext=u:object_r:staging_data_file:s0 tclass=dir permissive=1
12-27 11:11:12.133   276   276 I recovery: type=1400 audit(0.0:2103): avc: denied { getattr } for path="/data/misc/recovery" dev="dm-6" ino=940 scontext=u:r:recovery:s0 tcontext=u:object_r:recovery_data_file:s0 tclass=dir permissive=1
12-27 11:11:12.133   276   276 I recovery: type=1400 audit(0.0:2104): avc: denied { read } for name="recovery" dev="dm-6" ino=940 scontext=u:r:recovery:s0 tcontext=u:object_r:recovery_data_file:s0 tclass=dir permissive=1
12-27 11:11:12.133   276   276 I recovery: type=1400 audit(0.0:2105): avc: denied { open } for path="/data/misc/recovery" dev="dm-6" ino=940 scontext=u:r:recovery:s0 tcontext=u:object_r:recovery_data_file:s0 tclass=dir permissive=1
12-27 11:11:12.133   276   276 I recovery: type=1400 audit(0.0:2106): avc: denied { search } for name="recovery" dev="dm-6" ino=940 scontext=u:r:recovery:s0 tcontext=u:object_r:recovery_data_file:s0 tclass=dir permissive=1
12-27 11:11:12.133   276   276 I recovery: type=1400 audit(0.0:2107): avc: denied { getattr } for path="/data/misc/recovery/ro.build.fingerprint" dev="dm-6" ino=941 scontext=u:r:recovery:s0 tcontext=u:object_r:recovery_data_file:s0 tclass=file permissive=1
12-27 11:11:12.133   276   276 I recovery: type=1400 audit(0.0:2108): avc: denied { getattr } for path="/data/misc/bluedroid/bt_config.bak" dev="dm-6" ino=4532 scontext=u:r:recovery:s0 tcontext=u:object_r:bluetooth_data_file:s0 tclass=file permissive=1
12-27 11:11:12.133   276   276 I recovery: type=1400 audit(0.0:2109): avc: denied { getattr } for path="/data/misc/bluetooth/logs" dev="dm-6" ino=946 scontext=u:r:recovery:s0 tcontext=u:object_r:bluetooth_logs_data_file:s0 tclass=dir permissive=1
12-27 11:11:12.133   276   276 I recovery: type=1400 audit(0.0:2110): avc: denied { read } for name="logs" dev="dm-6" ino=946 scontext=u:r:recovery:s0 tcontext=u:object_r:bluetooth_logs_data_file:s0 tclass=dir permissive=1
12-27 11:11:12.133   276   276 I recovery: type=1400 audit(0.0:2111): avc: denied { open } for path="/data/misc/bluetooth/logs" dev="dm-6" ino=946 scontext=u:r:recovery:s0 tcontext=u:object_r:bluetooth_logs_data_file:s0 tclass=dir permissive=1
12-27 11:11:12.133   276   276 I recovery: type=1400 audit(0.0:2112): avc: denied { search } for name="logs" dev="dm-6" ino=946 scontext=u:r:recovery:s0 tcontext=u:object_r:bluetooth_logs_data_file:s0 tclass=dir permissive=1
12-27 11:11:12.133   276   276 I recovery: type=1400 audit(0.0:2113): avc: denied { getattr } for path="/data/misc/credstore" dev="dm-6" ino=947 scontext=u:r:recovery:s0 tcontext=u:object_r:credstore_data_file:s0 tclass=dir permissive=1
12-27 11:11:12.133   276   276 I recovery: type=1400 audit(0.0:2114): avc: denied { read } for name="credstore" dev="dm-6" ino=947 scontext=u:r:recovery:s0 tcontext=u:object_r:credstore_data_file:s0 tclass=dir permissive=1
12-27 11:11:12.133   276   276 I recovery: type=1400 audit(0.0:2115): avc: denied { open } for path="/data/misc/credstore" dev="dm-6" ino=947 scontext=u:r:recovery:s0 tcontext=u:object_r:credstore_data_file:s0 tclass=dir permissive=1
12-27 11:11:12.133   276   276 I recovery: type=1400 audit(0.0:2116): avc: denied { search } for name="credstore" dev="dm-6" ino=947 scontext=u:r:recovery:s0 tcontext=u:object_r:credstore_data_file:s0 tclass=dir permissive=1
12-27 11:11:12.133   276   276 I recovery: type=1400 audit(0.0:2117): avc: denied { getattr } for path="/data/misc/keystore" dev="dm-6" ino=948 scontext=u:r:recovery:s0 tcontext=u:object_r:keystore_data_file:s0 tclass=dir permissive=1
12-27 11:11:12.133   276   276 I recovery: type=1400 audit(0.0:2118): avc: denied { getattr } for path="/data/misc/gatekeeper" dev="dm-6" ino=949 scontext=u:r:recovery:s0 tcontext=u:object_r:gatekeeper_data_file:s0 tclass=dir permissive=1
12-27 11:11:12.133   276   276 I recovery: type=1400 audit(0.0:2119): avc: denied { getattr } for path="/data/misc/keychain" dev="dm-6" ino=950 scontext=u:r:recovery:s0 tcontext=u:object_r:keychain_data_file:s0 tclass=dir permissive=1
12-27 11:11:12.133   276   276 I recovery: type=1400 audit(0.0:2120): avc: denied { read } for name="keychain" dev="dm-6" ino=950 scontext=u:r:recovery:s0 tcontext=u:object_r:keychain_data_file:s0 tclass=dir permissive=1
12-27 11:11:12.133   276   276 I recovery: type=1400 audit(0.0:2121): avc: denied { open } for path="/data/misc/keychain" dev="dm-6" ino=950 scontext=u:r:recovery:s0 tcontext=u:object_r:keychain_data_file:s0 tclass=dir permissive=1
12-27 11:11:12.133   276   276 I recovery: type=1400 audit(0.0:2122): avc: denied { search } for name="keychain" dev="dm-6" ino=950 scontext=u:r:recovery:s0 tcontext=u:object_r:keychain_data_file:s0 tclass=dir permissive=1
12-27 11:11:12.133   276   276 I recovery: type=1400 audit(0.0:2123): avc: denied { getattr } for path="/data/misc/keychain/metadata/version" dev="dm-6" ino=7590 scontext=u:r:recovery:s0 tcontext=u:object_r:keychain_data_file:s0 tclass=file permissive=1
12-27 11:11:12.133   276   276 I recovery: type=1400 audit(0.0:2124): avc: denied { getattr } for path="/data/misc/net" dev="dm-6" ino=951 scontext=u:r:recovery:s0 tcontext=u:object_r:net_data_file:s0 tclass=dir permissive=1
12-27 11:11:12.133   276   276 I recovery: type=1400 audit(0.0:2125): avc: denied { read } for name="net" dev="dm-6" ino=951 scontext=u:r:recovery:s0 tcontext=u:object_r:net_data_file:s0 tclass=dir permissive=1
12-27 11:11:12.133   276   276 I recovery: type=1400 audit(0.0:2126): avc: denied { open } for path="/data/misc/net" dev="dm-6" ino=951 scontext=u:r:recovery:s0 tcontext=u:object_r:net_data_file:s0 tclass=dir permissive=1
12-27 11:11:12.133   276   276 I recovery: type=1400 audit(0.0:2127): avc: denied { search } for name="net" dev="dm-6" ino=951 scontext=u:r:recovery:s0 tcontext=u:object_r:net_data_file:s0 tclass=dir permissive=1
12-27 11:11:12.133   276   276 I recovery: type=1400 audit(0.0:2128): avc: denied { getattr } for path="/data/misc/net/rt_tables" dev="dm-6" ino=1278 scontext=u:r:recovery:s0 tcontext=u:object_r:net_data_file:s0 tclass=file permissive=1
12-27 11:11:12.133   276   276 I recovery: type=1400 audit(0.0:2129): avc: denied { getattr } for path="/data/misc/sms" dev="dm-6" ino=953 scontext=u:r:recovery:s0 tcontext=u:object_r:radio_data_file:s0 tclass=dir permissive=1
12-27 11:11:12.133   276   276 I recovery: type=1400 audit(0.0:2130): avc: denied { read } for name="sms" dev="dm-6" ino=953 scontext=u:r:recovery:s0 tcontext=u:object_r:radio_data_file:s0 tclass=dir permissive=1
12-27 11:11:12.133   276   276 I recovery: type=1400 audit(0.0:2131): avc: denied { open } for path="/data/misc/sms" dev="dm-6" ino=953 scontext=u:r:recovery:s0 tcontext=u:object_r:radio_data_file:s0 tclass=dir permissive=1
12-27 11:11:12.133   276   276 I recovery: type=1400 audit(0.0:2132): avc: denied { search } for name="sms" dev="dm-6" ino=953 scontext=u:r:recovery:s0 tcontext=u:object_r:radio_data_file:s0 tclass=dir permissive=1
12-27 11:11:12.133   276   276 I recovery: type=1400 audit(0.0:2133): avc: denied { getattr } for path="/data/misc/sms/metadata/version" dev="dm-6" ino=5742 scontext=u:r:recovery:s0 tcontext=u:object_r:radio_data_file:s0 tclass=file permissive=1
12-27 11:11:12.133   276   276 I recovery: type=1400 audit(0.0:2134): avc: denied { getattr } for path="/data/misc/emergencynumberdb" dev="dm-6" ino=956 scontext=u:r:recovery:s0 tcontext=u:object_r:emergency_data_file:s0 tclass=dir permissive=1
12-27 11:11:12.133   276   276 I recovery: type=1400 audit(0.0:2135): avc: denied { read } for name="emergencynumberdb" dev="dm-6" ino=956 scontext=u:r:recovery:s0 tcontext=u:object_r:emergency_data_file:s0 tclass=dir permissive=1
12-27 11:11:12.133   276   276 I recovery: type=1400 audit(0.0:2136): avc: denied { open } for path="/data/misc/emergencynumberdb" dev="dm-6" ino=956 scontext=u:r:recovery:s0 tcontext=u:object_r:emergency_data_file:s0 tclass=dir permissive=1
12-27 11:11:12.133   276   276 I recovery: type=1400 audit(0.0:2137): avc: denied { search } for name="emergencynumberdb" dev="dm-6" ino=956 scontext=u:r:recovery:s0 tcontext=u:object_r:emergency_data_file:s0 tclass=dir permissive=1
12-27 11:11:12.133   276   276 I recovery: type=1400 audit(0.0:2138): avc: denied { getattr } for path="/data/misc/network_watchlist" dev="dm-6" ino=958 scontext=u:r:recovery:s0 tcontext=u:object_r:network_watchlist_data_file:s0 tclass=dir permissive=1
12-27 11:11:12.133   276   276 I recovery: type=1400 audit(0.0:2139): avc: denied { read } for name="network_watchlist" dev="dm-6" ino=958 scontext=u:r:recovery:s0 tcontext=u:object_r:network_watchlist_data_file:s0 tclass=dir permissive=1
12-27 11:11:12.133   276   276 I recovery: type=1400 audit(0.0:2140): avc: denied { open } for path="/data/misc/network_watchlist" dev="dm-6" ino=958 scontext=u:r:recovery:s0 tcontext=u:object_r:network_watchlist_data_file:s0 tclass=dir permissive=1
12-27 11:11:12.133   276   276 I recovery: type=1400 audit(0.0:2141): avc: denied { search } for name="network_watchlist" dev="dm-6" ino=958 scontext=u:r:recovery:s0 tcontext=u:object_r:network_watchlist_data_file:s0 tclass=dir permissive=1
12-27 11:11:12.136   276   276 I recovery: type=1400 audit(0.0:2142): avc: denied { getattr } for path="/data/misc/textclassifier/metadata/lang_id/version" dev="dm-6" ino=5568 scontext=u:r:recovery:s0 tcontext=u:object_r:textclassifier_data_file:s0 tclass=file permissive=1
12-27 11:11:12.136   276   276 I recovery: type=1400 audit(0.0:2143): avc: denied { getattr } for path="/data/misc/shared_relro/libwebviewchromium32.relro" dev="dm-6" ino=16235 scontext=u:r:recovery:s0 tcontext=u:object_r:shared_relro_file:s0 tclass=file permissive=1
12-27 11:11:12.136   276   276 I recovery: type=1400 audit(0.0:2144): avc: denied { getattr } for path="/data/misc/systemkeys" dev="dm-6" ino=962 scontext=u:r:recovery:s0 tcontext=u:object_r:systemkeys_data_file:s0 tclass=dir permissive=1
12-27 11:11:12.136   276   276 I recovery: type=1400 audit(0.0:2145): avc: denied { read } for name="systemkeys" dev="dm-6" ino=962 scontext=u:r:recovery:s0 tcontext=u:object_r:systemkeys_data_file:s0 tclass=dir permissive=1
12-27 11:11:12.136   276   276 I recovery: type=1400 audit(0.0:2146): avc: denied { open } for path="/data/misc/systemkeys" dev="dm-6" ino=962 scontext=u:r:recovery:s0 tcontext=u:object_r:systemkeys_data_file:s0 tclass=dir permissive=1
12-27 11:11:12.136   276   276 I recovery: type=1400 audit(0.0:2147): avc: denied { search } for name="systemkeys" dev="dm-6" ino=962 scontext=u:r:recovery:s0 tcontext=u:object_r:systemkeys_data_file:s0 tclass=dir permissive=1
12-27 11:11:12.136   276   276 I recovery: type=1400 audit(0.0:2148): avc: denied { getattr } for path="/data/misc/wifi" dev="dm-6" ino=963 scontext=u:r:recovery:s0 tcontext=u:object_r:wifi_data_file:s0 tclass=dir permissive=1
12-27 11:11:12.136   276   276 I recovery: type=1400 audit(0.0:2149): avc: denied { read } for name="wifi" dev="dm-6" ino=963 scontext=u:r:recovery:s0 tcontext=u:object_r:wifi_data_file:s0 tclass=dir permissive=1
12-27 11:11:12.136   276   276 I recovery: type=1400 audit(0.0:2150): avc: denied { open } for path="/data/misc/wifi" dev="dm-6" ino=963 scontext=u:r:recovery:s0 tcontext=u:object_r:wifi_data_file:s0 tclass=dir permissive=1
12-27 11:11:12.136   276   276 I recovery: type=1400 audit(0.0:2151): avc: denied { search } for name="wifi" dev="dm-6" ino=963 scontext=u:r:recovery:s0 tcontext=u:object_r:wifi_data_file:s0 tclass=dir permissive=1
12-27 11:11:12.136   276   276 I recovery: type=1400 audit(0.0:2152): avc: denied { getattr } for path="/data/misc/wifi/sockets" dev="dm-6" ino=964 scontext=u:r:recovery:s0 tcontext=u:object_r:wpa_socket:s0 tclass=dir permissive=1
12-27 11:11:12.136   276   276 I recovery: type=1400 audit(0.0:2153): avc: denied { read } for name="sockets" dev="dm-6" ino=964 scontext=u:r:recovery:s0 tcontext=u:object_r:wpa_socket:s0 tclass=dir permissive=1
12-27 11:11:12.136   276   276 I recovery: type=1400 audit(0.0:2154): avc: denied { open } for path="/data/misc/wifi/sockets" dev="dm-6" ino=964 scontext=u:r:recovery:s0 tcontext=u:object_r:wpa_socket:s0 tclass=dir permissive=1
12-27 11:11:12.136   276   276 I recovery: type=1400 audit(0.0:2155): avc: denied { search } for name="sockets" dev="dm-6" ino=964 scontext=u:r:recovery:s0 tcontext=u:object_r:wpa_socket:s0 tclass=dir permissive=1
12-27 11:11:12.136   276   276 I recovery: type=1400 audit(0.0:2156): avc: denied { getattr } for path="/data/misc/dhcp" dev="dm-6" ino=967 scontext=u:r:recovery:s0 tcontext=u:object_r:dhcp_data_file:s0 tclass=dir permissive=1
12-27 11:11:12.136   276   276 I recovery: type=1400 audit(0.0:2157): avc: denied { read } for name="dhcp" dev="dm-6" ino=967 scontext=u:r:recovery:s0 tcontext=u:object_r:dhcp_data_file:s0 tclass=dir permissive=1
12-27 11:11:12.136   276   276 I recovery: type=1400 audit(0.0:2158): avc: denied { open } for path="/data/misc/dhcp" dev="dm-6" ino=967 scontext=u:r:recovery:s0 tcontext=u:object_r:dhcp_data_file:s0 tclass=dir permissive=1
12-27 11:11:12.136   276   276 I recovery: type=1400 audit(0.0:2159): avc: denied { search } for name="dhcp" dev="dm-6" ino=967 scontext=u:r:recovery:s0 tcontext=u:object_r:dhcp_data_file:s0 tclass=dir permissive=1
12-27 11:11:12.136   276   276 I recovery: type=1400 audit(0.0:2160): avc: denied { getattr } for path="/data/misc/vold/user_keys_bak/ce/0/current/version" dev="dm-6" ino=4899 scontext=u:r:recovery:s0 tcontext=u:object_r:vold_data_file:s0 tclass=file permissive=1
12-27 11:11:12.136   276   276 I recovery: type=1400 audit(0.0:2161): avc: denied { getattr } for path="/data/misc/update_engine/prefs/boot-id" dev="dm-6" ino=1240 scontext=u:r:recovery:s0 tcontext=u:object_r:update_engine_data_file:s0 tclass=file permissive=1
12-27 11:11:12.139   276   276 I recovery: type=1400 audit(0.0:2162): avc: denied { getattr } for path="/data/misc/profiles/cur" dev="dm-6" ino=980 scontext=u:r:recovery:s0 tcontext=u:object_r:user_profile_data_file:s0 tclass=dir permissive=1
12-27 11:11:12.139   276   276 I recovery: type=1400 audit(0.0:2163): avc: denied { read } for name="cur" dev="dm-6" ino=980 scontext=u:r:recovery:s0 tcontext=u:object_r:user_profile_data_file:s0 tclass=dir permissive=1
12-27 11:11:12.139   276   276 I recovery: type=1400 audit(0.0:2164): avc: denied { open } for path="/data/misc/profiles/cur" dev="dm-6" ino=980 scontext=u:r:recovery:s0 tcontext=u:object_r:user_profile_data_file:s0 tclass=dir permissive=1
12-27 11:11:12.139   276   276 I recovery: type=1400 audit(0.0:2165): avc: denied { search } for name="cur" dev="dm-6" ino=980 scontext=u:r:recovery:s0 tcontext=u:object_r:user_profile_data_file:s0 tclass=dir permissive=1
12-27 11:11:12.139   276   276 I recovery: type=1400 audit(0.0:2166): avc: denied { getattr } for path="/data/misc/profiles/cur/0/com.mediatek.ims/primary.prof" dev="dm-6" ino=1661 scontext=u:r:recovery:s0 tcontext=u:object_r:user_profile_data_file:s0 tclass=file permissive=1
12-27 11:11:12.173   276   276 I recovery: type=1400 audit(0.0:2167): avc: denied { getattr } for path="/data/misc/installd/layout_version" dev="dm-6" ino=1227 scontext=u:r:recovery:s0 tcontext=u:object_r:install_data_file:s0 tclass=file permissive=1
12-27 11:11:12.173   276   276 I recovery: type=1400 audit(0.0:2168): avc: denied { getattr } for path="/data/misc/apexdata/com.android.wifi/WifiConfigStore.xml" dev="dm-6" ino=39407 scontext=u:r:recovery:s0 tcontext=u:object_r:apex_wifi_data_file:s0 tclass=file permissive=1
12-27 11:11:12.176   276   276 I recovery: type=1400 audit(0.0:2169): avc: denied { getattr } for path="/data/misc/stats-active-metric" dev="dm-6" ino=1039 scontext=u:r:recovery:s0 tcontext=u:object_r:stats_data_file:s0 tclass=dir permissive=1
12-27 11:11:12.176   276   276 I recovery: type=1400 audit(0.0:2170): avc: denied { read } for name="stats-active-metric" dev="dm-6" ino=1039 scontext=u:r:recovery:s0 tcontext=u:object_r:stats_data_file:s0 tclass=dir permissive=1
12-27 11:11:12.176   276   276 I recovery: type=1400 audit(0.0:2171): avc: denied { open } for path="/data/misc/stats-active-metric" dev="dm-6" ino=1039 scontext=u:r:recovery:s0 tcontext=u:object_r:stats_data_file:s0 tclass=dir permissive=1
12-27 11:11:12.176   276   276 I recovery: type=1400 audit(0.0:2172): avc: denied { search } for name="stats-active-metric" dev="dm-6" ino=1039 scontext=u:r:recovery:s0 tcontext=u:object_r:stats_data_file:s0 tclass=dir permissive=1
12-27 11:11:12.176   276   276 I recovery: type=1400 audit(0.0:2173): avc: denied { getattr } for path="/data/misc/adb" dev="dm-6" ino=1128 scontext=u:r:recovery:s0 tcontext=u:object_r:adb_keys_file:s0 tclass=dir permissive=1
12-27 11:11:12.176   276   276 I recovery: type=1400 audit(0.0:2174): avc: denied { read } for name="adb" dev="dm-6" ino=1128 scontext=u:r:recovery:s0 tcontext=u:object_r:adb_keys_file:s0 tclass=dir permissive=1
12-27 11:11:12.176   276   276 I recovery: type=1400 audit(0.0:2175): avc: denied { open } for path="/data/misc/adb" dev="dm-6" ino=1128 scontext=u:r:recovery:s0 tcontext=u:object_r:adb_keys_file:s0 tclass=dir permissive=1
12-27 11:11:12.176   276   276 I recovery: type=1400 audit(0.0:2176): avc: denied { search } for name="adb" dev="dm-6" ino=1128 scontext=u:r:recovery:s0 tcontext=u:object_r:adb_keys_file:s0 tclass=dir permissive=1
12-27 11:11:12.176   276   276 I recovery: type=1400 audit(0.0:2177): avc: denied { getattr } for path="/data/misc/bootstat" dev="dm-6" ino=1157 scontext=u:r:recovery:s0 tcontext=u:object_r:bootstat_data_file:s0 tclass=dir permissive=1
12-27 11:11:12.176   276   276 I recovery: type=1400 audit(0.0:2178): avc: denied { read } for name="bootstat" dev="dm-6" ino=1157 scontext=u:r:recovery:s0 tcontext=u:object_r:bootstat_data_file:s0 tclass=dir permissive=1
12-27 11:11:12.176   276   276 I recovery: type=1400 audit(0.0:2179): avc: denied { open } for path="/data/misc/bootstat" dev="dm-6" ino=1157 scontext=u:r:recovery:s0 tcontext=u:object_r:bootstat_data_file:s0 tclass=dir permissive=1
12-27 11:11:12.176   276   276 I recovery: type=1400 audit(0.0:2180): avc: denied { search } for name="bootstat" dev="dm-6" ino=1157 scontext=u:r:recovery:s0 tcontext=u:object_r:bootstat_data_file:s0 tclass=dir permissive=1
12-27 11:11:12.176   276   276 I recovery: type=1400 audit(0.0:2181): avc: denied { getattr } for path="/data/misc/incidents" dev="dm-6" ino=1166 scontext=u:r:recovery:s0 tcontext=u:object_r:incident_data_file:s0 tclass=dir permissive=1
12-27 11:11:12.176   276   276 I recovery: type=1400 audit(0.0:2182): avc: denied { read } for name="incidents" dev="dm-6" ino=1166 scontext=u:r:recovery:s0 tcontext=u:object_r:incident_data_file:s0 tclass=dir permissive=1
12-27 11:11:12.176   276   276 I recovery: type=1400 audit(0.0:2183): avc: denied { open } for path="/data/misc/incidents" dev="dm-6" ino=1166 scontext=u:r:recovery:s0 tcontext=u:object_r:incident_data_file:s0 tclass=dir permissive=1
12-27 11:11:12.176   276   276 I recovery: type=1400 audit(0.0:2184): avc: denied { search } for name="incidents" dev="dm-6" ino=1166 scontext=u:r:recovery:s0 tcontext=u:object_r:incident_data_file:s0 tclass=dir permissive=1
12-27 11:11:12.176   276   276 I recovery: type=1400 audit(0.0:2185): avc: denied { getattr } for path="/data/misc/iorapd" dev="dm-6" ino=1167 scontext=u:r:recovery:s0 tcontext=u:object_r:iorapd_data_file:s0 tclass=dir permissive=1
12-27 11:11:12.176   276   276 I recovery: type=1400 audit(0.0:2186): avc: denied { read } for name="iorapd" dev="dm-6" ino=1167 scontext=u:r:recovery:s0 tcontext=u:object_r:iorapd_data_file:s0 tclass=dir permissive=1
12-27 11:11:12.176   276   276 I recovery: type=1400 audit(0.0:2187): avc: denied { open } for path="/data/misc/iorapd" dev="dm-6" ino=1167 scontext=u:r:recovery:s0 tcontext=u:object_r:iorapd_data_file:s0 tclass=dir permissive=1
12-27 11:11:12.176   276   276 I recovery: type=1400 audit(0.0:2188): avc: denied { search } for name="iorapd" dev="dm-6" ino=1167 scontext=u:r:recovery:s0 tcontext=u:object_r:iorapd_data_file:s0 tclass=dir permissive=1
12-27 11:11:12.176   276   276 I recovery: type=1400 audit(0.0:2189): avc: denied { getattr } for path="/data/misc/perfetto-traces" dev="dm-6" ino=1217 scontext=u:r:recovery:s0 tcontext=u:object_r:perfetto_traces_data_file:s0 tclass=dir permissive=1
12-27 11:11:12.176   276   276 I recovery: type=1400 audit(0.0:2190): avc: denied { read } for name="perfetto-traces" dev="dm-6" ino=1217 scontext=u:r:recovery:s0 tcontext=u:object_r:perfetto_traces_data_file:s0 tclass=dir permissive=1
12-27 11:11:12.176   276   276 I recovery: type=1400 audit(0.0:2191): avc: denied { open } for path="/data/misc/perfetto-traces" dev="dm-6" ino=1217 scontext=u:r:recovery:s0 tcontext=u:object_r:perfetto_traces_data_file:s0 tclass=dir permissive=1
12-27 11:11:12.176   276   276 I recovery: type=1400 audit(0.0:2192): avc: denied { search } for name="perfetto-traces" dev="dm-6" ino=1217 scontext=u:r:recovery:s0 tcontext=u:object_r:perfetto_traces_data_file:s0 tclass=dir permissive=1
12-27 11:11:12.176   276   276 I recovery: type=1400 audit(0.0:2193): avc: denied { getattr } for path="/data/local/tmp" dev="dm-6" ino=994 scontext=u:r:recovery:s0 tcontext=u:object_r:shell_data_file:s0 tclass=dir permissive=1
12-27 11:11:12.176   276   276 I recovery: type=1400 audit(0.0:2194): avc: denied { read } for name="tmp" dev="dm-6" ino=994 scontext=u:r:recovery:s0 tcontext=u:object_r:shell_data_file:s0 tclass=dir permissive=1
12-27 11:11:12.176   276   276 I recovery: type=1400 audit(0.0:2195): avc: denied { open } for path="/data/local/tmp" dev="dm-6" ino=994 scontext=u:r:recovery:s0 tcontext=u:object_r:shell_data_file:s0 tclass=dir permissive=1
12-27 11:11:12.176   276   276 I recovery: type=1400 audit(0.0:2196): avc: denied { search } for name="tmp" dev="dm-6" ino=994 scontext=u:r:recovery:s0 tcontext=u:object_r:shell_data_file:s0 tclass=dir permissive=1
12-27 11:11:12.176   276   276 I recovery: type=1400 audit(0.0:2197): avc: denied { getattr } for path="/data/local/traces" dev="dm-6" ino=995 scontext=u:r:recovery:s0 tcontext=u:object_r:trace_data_file:s0 tclass=dir permissive=1
12-27 11:11:12.176   276   276 I recovery: type=1400 audit(0.0:2198): avc: denied { read } for name="traces" dev="dm-6" ino=995 scontext=u:r:recovery:s0 tcontext=u:object_r:trace_data_file:s0 tclass=dir permissive=1
12-27 11:11:12.176   276   276 I recovery: type=1400 audit(0.0:2199): avc: denied { open } for path="/data/local/traces" dev="dm-6" ino=995 scontext=u:r:recovery:s0 tcontext=u:object_r:trace_data_file:s0 tclass=dir permissive=1
12-27 11:11:12.176   276   276 I recovery: type=1400 audit(0.0:2200): avc: denied { search } for name="traces" dev="dm-6" ino=995 scontext=u:r:recovery:s0 tcontext=u:object_r:trace_data_file:s0 tclass=dir permissive=1
12-27 11:11:12.176   276   276 I recovery: type=1400 audit(0.0:2201): avc: denied { getattr } for path="/data/preloads" dev="dm-6" ino=989 scontext=u:r:recovery:s0 tcontext=u:object_r:preloads_data_file:s0 tclass=dir permissive=1
12-27 11:11:12.176   276   276 I recovery: type=1400 audit(0.0:2202): avc: denied { read } for name="preloads" dev="dm-6" ino=989 scontext=u:r:recovery:s0 tcontext=u:object_r:preloads_data_file:s0 tclass=dir permissive=1
12-27 11:11:12.176   276   276 I recovery: type=1400 audit(0.0:2203): avc: denied { open } for path="/data/preloads" dev="dm-6" ino=989 scontext=u:r:recovery:s0 tcontext=u:object_r:preloads_data_file:s0 tclass=dir permissive=1
12-27 11:11:12.176   276   276 I recovery: type=1400 audit(0.0:2204): avc: denied { search } for name="preloads" dev="dm-6" ino=989 scontext=u:r:recovery:s0 tcontext=u:object_r:preloads_data_file:s0 tclass=dir permissive=1
12-27 11:11:12.176   276   276 I recovery: type=1400 audit(0.0:2205): avc: denied { getattr } for path="/data/vendor/tombstones/wifi" dev="dm-6" ino=1005 scontext=u:r:recovery:s0 tcontext=u:object_r:tombstone_wifi_data_file:s0 tclass=dir permissive=1
12-27 11:11:12.176   276   276 I recovery: type=1400 audit(0.0:2206): avc: denied { read } for name="wifi" dev="dm-6" ino=1005 scontext=u:r:recovery:s0 tcontext=u:object_r:tombstone_wifi_data_file:s0 tclass=dir permissive=1
12-27 11:11:12.176   276   276 I recovery: type=1400 audit(0.0:2207): avc: denied { open } for path="/data/vendor/tombstones/wifi" dev="dm-6" ino=1005 scontext=u:r:recovery:s0 tcontext=u:object_r:tombstone_wifi_data_file:s0 tclass=dir permissive=1
12-27 11:11:12.179   276   276 I recovery: type=1400 audit(0.0:2208): avc: denied { search } for name="wifi" dev="dm-6" ino=1005 scontext=u:r:recovery:s0 tcontext=u:object_r:tombstone_wifi_data_file:s0 tclass=dir permissive=1
12-27 11:11:12.179   276   276 I recovery: type=1400 audit(0.0:2209): avc: denied { getattr } for path="/data/vendor/wifi/wpa" dev="dm-6" ino=1144 scontext=u:r:recovery:s0 tcontext=u:object_r:wpa_data_file:s0 tclass=dir permissive=1
12-27 11:11:12.179   276   276 I recovery: type=1400 audit(0.0:2210): avc: denied { read } for name="wpa" dev="dm-6" ino=1144 scontext=u:r:recovery:s0 tcontext=u:object_r:wpa_data_file:s0 tclass=dir permissive=1
12-27 11:11:12.179   276   276 I recovery: type=1400 audit(0.0:2211): avc: denied { open } for path="/data/vendor/wifi/wpa" dev="dm-6" ino=1144 scontext=u:r:recovery:s0 tcontext=u:object_r:wpa_data_file:s0 tclass=dir permissive=1
12-27 11:11:12.179   276   276 I recovery: type=1400 audit(0.0:2212): avc: denied { search } for name="wpa" dev="dm-6" ino=1144 scontext=u:r:recovery:s0 tcontext=u:object_r:wpa_data_file:s0 tclass=dir permissive=1
12-27 11:11:12.179   276   276 I recovery: type=1400 audit(0.0:2213): avc: denied { getattr } for path="/data/vendor/wifi/wpa/wpa_supplicant.conf" dev="dm-6" ino=3735 scontext=u:r:recovery:s0 tcontext=u:object_r:wpa_data_file:s0 tclass=file permissive=1
12-27 11:11:12.179   276   276 I recovery: type=1400 audit(0.0:2214): avc: denied { getattr } for path="/data/vendor/wifi/hostapd" dev="dm-6" ino=1191 scontext=u:r:recovery:s0 tcontext=u:object_r:hostapd_data_file:s0 tclass=dir permissive=1
12-27 11:11:12.179   276   276 I recovery: type=1400 audit(0.0:2215): avc: denied { read } for name="hostapd" dev="dm-6" ino=1191 scontext=u:r:recovery:s0 tcontext=u:object_r:hostapd_data_file:s0 tclass=dir permissive=1
12-27 11:11:12.179   276   276 I recovery: type=1400 audit(0.0:2216): avc: denied { open } for path="/data/vendor/wifi/hostapd" dev="dm-6" ino=1191 scontext=u:r:recovery:s0 tcontext=u:object_r:hostapd_data_file:s0 tclass=dir permissive=1
12-27 11:11:12.179   276   276 I recovery: type=1400 audit(0.0:2217): avc: denied { search } for name="hostapd" dev="dm-6" ino=1191 scontext=u:r:recovery:s0 tcontext=u:object_r:hostapd_data_file:s0 tclass=dir permissive=1
12-27 11:11:12.179   276   276 I recovery: type=1400 audit(0.0:2218): avc: denied { getattr } for path="/data/vendor_ce/0/facedata" dev="dm-6" ino=4265 scontext=u:r:recovery:s0 tcontext=u:object_r:face_vendor_data_file:s0 tclass=dir permissive=1
12-27 11:11:12.179   276   276 I recovery: type=1400 audit(0.0:2219): avc: denied { read } for name="facedata" dev="dm-6" ino=4265 scontext=u:r:recovery:s0 tcontext=u:object_r:face_vendor_data_file:s0 tclass=dir permissive=1
12-27 11:11:12.179   276   276 I recovery: type=1400 audit(0.0:2220): avc: denied { open } for path="/data/vendor_ce/0/facedata" dev="dm-6" ino=4265 scontext=u:r:recovery:s0 tcontext=u:object_r:face_vendor_data_file:s0 tclass=dir permissive=1
12-27 11:11:12.179   276   276 I recovery: type=1400 audit(0.0:2221): avc: denied { search } for name="facedata" dev="dm-6" ino=4265 scontext=u:r:recovery:s0 tcontext=u:object_r:face_vendor_data_file:s0 tclass=dir permissive=1
12-27 11:11:12.179   276   276 I recovery: type=1400 audit(0.0:2222): avc: denied { getattr } for path="/data/vendor_de/0/fpdata" dev="dm-6" ino=1126 scontext=u:r:recovery:s0 tcontext=u:object_r:fingerprint_vendor_data_file:s0 tclass=dir permissive=1
12-27 11:11:12.179   276   276 I recovery: type=1400 audit(0.0:2223): avc: denied { read } for name="fpdata" dev="dm-6" ino=1126 scontext=u:r:recovery:s0 tcontext=u:object_r:fingerprint_vendor_data_file:s0 tclass=dir permissive=1
12-27 11:11:12.179   276   276 I recovery: type=1400 audit(0.0:2224): avc: denied { open } for path="/data/vendor_de/0/fpdata" dev="dm-6" ino=1126 scontext=u:r:recovery:s0 tcontext=u:object_r:fingerprint_vendor_data_file:s0 tclass=dir permissive=1
12-27 11:11:12.179   276   276 I recovery: type=1400 audit(0.0:2225): avc: denied { search } for name="fpdata" dev="dm-6" ino=1126 scontext=u:r:recovery:s0 tcontext=u:object_r:fingerprint_vendor_data_file:s0 tclass=dir permissive=1
12-27 11:11:12.186   276   276 I recovery: type=1400 audit(0.0:2226): avc: denied { getattr } for path="/data/data/com.swfp.factory" dev="dm-6" ino=4270 scontext=u:r:recovery:s0 tcontext=u:object_r:app_data_file:s0:c512,c768 tclass=dir permissive=1
12-27 11:11:12.186   276   276 I recovery: type=1400 audit(0.0:2227): avc: denied { read } for name="com.swfp.factory" dev="dm-6" ino=4270 scontext=u:r:recovery:s0 tcontext=u:object_r:app_data_file:s0:c512,c768 tclass=dir permissive=1
12-27 11:11:12.186   276   276 I recovery: type=1400 audit(0.0:2228): avc: denied { open } for path="/data/data/com.swfp.factory" dev="dm-6" ino=4270 scontext=u:r:recovery:s0 tcontext=u:object_r:app_data_file:s0:c512,c768 tclass=dir permissive=1
12-27 11:11:12.186   276   276 I recovery: type=1400 audit(0.0:2229): avc: denied { search } for name="com.swfp.factory" dev="dm-6" ino=4270 scontext=u:r:recovery:s0 tcontext=u:object_r:app_data_file:s0:c512,c768 tclass=dir permissive=1
12-27 11:11:12.186   276   276 I recovery: type=1400 audit(0.0:2230): avc: denied { getattr } for path="/data/data/com.mediatek.gba/lib" dev="dm-6" ino=4883 scontext=u:r:recovery:s0 tcontext=u:object_r:radio_data_file:s0 tclass=lnk_file permissive=1
12-27 11:11:12.186   276   276 I recovery: type=1400 audit(0.0:2231): avc: denied { getattr } for path="/data/data/com.android.cts.priv.ctsshim" dev="dm-6" ino=4290 scontext=u:r:recovery:s0 tcontext=u:object_r:privapp_data_file:s0:c512,c768 tclass=dir permissive=1
